// Jest Snapshot v1, https://goo.gl/fbAQLP

exports[`Search that it matches the existing snapshot 1`] = `
<DocumentFragment>
  <div
    class="searchList"
  >
    <section
      class="search"
    >
      <section
        class="search__content"
      >
        <form>
          <div>
            <label
              for="search"
            />
            <input
              class="search__content-bar"
              id="search"
              name="searchTerm"
              placeholder="Enter a movie title"
              value=""
            />
          </div>
          <input
            class="search__content-button"
            name="submit"
            type="submit"
            value="Search"
          />
        </form>
        <section>
            
        </section>
      </section>
    </section>
  </div>
</DocumentFragment>
`;
